Wed Apr 15 01:20:07 PM UTC 2026

1) apt install -y open-iscsi | tee -a /root/sysadm-lab3-avt341-v9.log

Reading package lists...
Building dependency tree...
Reading state information...
The following packages will be upgraded:
  open-iscsi
1 upgraded, 0 newly installed, 0 to remove and 82 not upgraded.
Need to get 323 kB of archives.
After this operation, 4,096 B of additional disk space will be used.
Get:1 http://ru.archive.ubuntu.com/ubuntu jammy-updates/main amd64 open-iscsi amd64 2.1.5-1ubuntu1.1 [323 kB]
Preconfiguring packages ...
Fetched 323 kB in 0s (685 kB/s)
(Reading database ... 110911 files and directories currently installed.)
Preparing to unpack .../open-iscsi_2.1.5-1ubuntu1.1_amd64.deb ...
Unpacking open-iscsi (2.1.5-1ubuntu1.1) over (2.1.5-1ubuntu1) ...
Setting up open-iscsi (2.1.5-1ubuntu1.1) ...
iscsid.service is a disabled or a static unit, not starting it.
Processing triggers for man-db (2.10.2-1) ...
Processing triggers for initramfs-tools (0.140ubuntu13.4) ...
update-initramfs: Generating /boot/initrd.img-5.15.0-174-generic

2) echo "InitiatorName=iqn.2025-04.ru.nstu.cs.vt:avt341.v9" > /etc/iscsi/initiatorname.iscsi

3) vi /etc/iscsi/iscsid.conf

4) systemctl restart iscsid open-iscsi | tee -a /root/sysadm-lab3-avt341-v9.log

5) iscsiadm -m discovery -t sendtargets -p 172.16.6.15 | grep avt341.v9 | awk '{print $2}' | tee -a /root/sysadm-lab3-avt341-v9.log

iqn.2025-04.ru.nstu.cs.vt:avt341.v9

6) cat /proc/partitions > /root/before.txt

7) iscsiadm --mode node --targetname "iqn.2025-04.ru.nstu.cs.vt:avt341.v9" --login | tee -a /root/sysadm-lab3-avt341-v9.log

Logging in to [iface: default, target: iqn.2025-04.ru.nstu.cs.vt:avt341.v9, portal: 172.16.6.15,3260]
Login to [iface: default, target: iqn.2025-04.ru.nstu.cs.vt:avt341.v9, portal: 172.16.6.15,3260] successful.

8) iscsiadm -m session -o show | tee -a /root/sysadm-lab3-avt341-v9.log

tcp: [2] 172.16.6.15:3260,1 iqn.2025-04.ru.nstu.cs.vt:avt341.v9 (non-flash)

9) diff /root/before.txt /proc/partitions | tee -a /root/sysadm-lab3-avt341-v9.log

14a15,16
>    8       16     524288 sdb
>    8       32     524288 sdc

10) rm /root/before.txt

11) parted /dev/sdb --script mklabel gpt | tee -a /root/sysadm-lab3-avt341-v9.log

12) parted /dev/sdb --script mkpart primary 0% 100% | tee -a /root/sysadm-lab3-avt341-v9.log

13) parted /dev/sdb --script set 1 raid on | tee -a /root/sysadm-lab3-avt341-v9.log

14) parted /dev/sdc --script mklabel gpt | tee -a /root/sysadm-lab3-avt341-v9.log

15) parted /dev/sdc --script mkpart primary 0% 100% | tee -a /root/sysadm-lab3-avt341-v9.log

16) parted /dev/sdc --script set 1 raid on | tee -a /root/sysadm-lab3-avt341-v9.log

17) parted /dev/sdb print | tee -a /root/sysadm-lab3-avt341-v9.log

Model: IET VIRTUAL-DISK (scsi)
Disk /dev/sdb: 537MB
Sector size (logical/physical): 512B/512B
Partition Table: gpt
Disk Flags:

Number  Start   End    Size   File system  Name     Flags
 1      1049kB  536MB  535MB               primary  raid

18) parted /dev/sdc print | tee -a /root/sysadm-lab3-avt341-v9.log

Model: IET VIRTUAL-DISK (scsi)
Disk /dev/sdc: 537MB
Sector size (logical/physical): 512B/512B
Partition Table: gpt
Disk Flags:

Number  Start   End    Size   File system  Name     Flags
 1      1049kB  536MB  535MB               primary  raid

19) apt install -y mdadm

20) mdadm --detail --scan | tee -a /root/sysadm-lab3-avt341-v9.log

# Вывод пустой, будем использовать /dev/md0

21) mdadm --create --verbose /dev/md0 --level=1 --raid-devices=2 /dev/sdb /dev/sdc | tee -a /root/sysadm-lab3-avt341-v9.log

dm: partition table exists on /dev/sdb
mdadm: partition table exists on /dev/sdb but will be lost or
       meaningless after creating array
mdadm: Note: this array has metadata at the start and
    may not be suitable as a boot device.  If you plan to
    store '/boot' on this device please ensure that
    your boot-loader understands md/v1.x metadata, or use
    --metadata=0.90
mdadm: partition table exists on /dev/sdc
mdadm: partition table exists on /dev/sdc but will be lost or
       meaningless after creating array
mdadm: size set to 523264K
Continue creating array? y
mdadm: Defaulting to version 1.2 metadata
mdadm: array /dev/md0 started.

22) cat /proc/mdstat | tee -a /root/sysadm-lab3-avt341-v9.log

Personalities : [linear] [multipath] [raid0] [raid1] [raid6] [raid5] [raid4] [raid10]
md0 : active raid1 sdc[1] sdb[0]
      523264 blocks super 1.2 [2/2] [UU]

unused devices: <none>

23) mdadm --detail --scan | tee -a /root/sysadm-lab3-avt341-v9.log

ARRAY /dev/md0 metadata=1.2 name=sysadm-practice2-avt341-9:0 UUID=f50c6a22:92af1ec7:fcd765ad:adede892

24) pvcreate /dev/md0 | tee -a /root/sysadm-lab3-avt341-v9.log

Physical volume "/dev/md0" successfully created.

25) vgcreate vg-avt341-v9 /dev/md0 | tee -a /root/sysadm-lab3-avt341-v9.log

  Volume group "vg-avt341-v9" successfully created

26) lvcreate -l 70%FREE -n mydata vg-avt341-v9 | tee -a /root/sysadm-lab3-avt341-v9.log

  Logical volume "mydata" created.

27) mkfs.ext4 /dev/vg-avt341-v9/mydata | tee -a /root/sysadm-lab3-avt341-v9.log

Creating filesystem with 90112 4k blocks and 90144 inodes
Filesystem UUID: d138f4b7-7cc5-4af2-86b7-2371d95c777f
Superblock backups stored on blocks:
        32768

Allocating group tables: done
Writing inode tables: done
Creating journal (4096 blocks): done
Writing superblocks and filesystem accounting information: done

28) pvdisplay | tee -a /root/sysadm-lab3-avt341-v9.log

  --- Physical volume ---
  PV Name               /dev/sda3
  VG Name               ubuntu-vg
  PV Size               <30.00 GiB / not usable 0
  Allocatable           yes
  PE Size               4.00 MiB
  Total PE              7679
  Free PE               3840
  Allocated PE          3839
  PV UUID               WWL1og-lPIo-2TuY-TDP7-Pxtn-rcLR-frJW0q

  --- Physical volume ---
  PV Name               /dev/md0
  VG Name               vg-avt341-v9
  PV Size               511.00 MiB / not usable 3.00 MiB
  Allocatable           yes
  PE Size               4.00 MiB
  Total PE              127
  Free PE               39
  Allocated PE          88
  PV UUID               srZB71-Nb0r-YJxd-syAC-Kjli-eFQ1-JhIl0u

29) vgdisplay | tee -a /root/sysadm-lab3-avt341-v9.log

  --- Volume group ---
  VG Name               ubuntu-vg
  System ID
  Format                lvm2
  Metadata Areas        1
  Metadata Sequence No  2
  VG Access             read/write
  VG Status             resizable
  MAX LV                0
  Cur LV                1
  Open LV               1
  Max PV                0
  Cur PV                1
  Act PV                1
  VG Size               <30.00 GiB
  PE Size               4.00 MiB
  Total PE              7679
  Alloc PE / Size       3839 / <15.00 GiB
  Free  PE / Size       3840 / 15.00 GiB
  VG UUID               6Ldp2J-THCx-buwD-2jr3-O3Uz-AqV9-HyyWTe

  --- Volume group ---
  VG Name               vg-avt341-v9
  System ID
  Format                lvm2
  Metadata Areas        1
  Metadata Sequence No  2
  VG Access             read/write
  VG Status             resizable
  MAX LV                0
  Cur LV                1
  Open LV               0
  Max PV                0
  Cur PV                1
  Act PV                1
  VG Size               508.00 MiB
  PE Size               4.00 MiB
  Total PE              127
  Alloc PE / Size       88 / 352.00 MiB
  Free  PE / Size       39 / 156.00 MiB
  VG UUID               cV7ROo-M4Eo-8GJL-MFca-EAKJ-y50q-RycH4g

30) lvdisplay | tee -a /root/sysadm-lab3-avt341-v9.log

  --- Logical volume ---
  LV Path                /dev/ubuntu-vg/ubuntu-lv
  LV Name                ubuntu-lv
  VG Name                ubuntu-vg
  LV UUID                0dntZi-ww1d-407O-lIFO-Nwu1-1Y5D-nE5uEc
  LV Write Access        read/write
  LV Creation host, time ubuntu-server, 2024-03-17 17:33:28 +0000
  LV Status              available
  # open                 1
  LV Size                <15.00 GiB
  Current LE             3839
  Segments               1
  Allocation             inherit
  Read ahead sectors     auto
  - currently set to     256
  Block device           253:0

  --- Logical volume ---
  LV Path                /dev/vg-avt341-v9/mydata
  LV Name                mydata
  VG Name                vg-avt341-v9
  LV UUID                Oz8n0v-MMei-PYEQ-pYfK-Wncr-05mx-lmuG75
  LV Write Access        read/write
  LV Creation host, time sysadm-practice2-avt341-9, 2026-04-17 12:58:48 +0000
  LV Status              available
  # open                 0
  LV Size                352.00 MiB
  Current LE             88
  Segments               1
  Allocation             inherit
  Read ahead sectors     auto
  - currently set to     256
  Block device           253:1

31) blkid /dev/vg-vg-avt341-v9/mydata | tee -a /root/sysadm-lab3-avt341-v9.log

/dev/vg-avt341-v9/mydata: UUID="d138f4b7-7cc5-4af2-86b7-2371d95c777f" BLOCK_SIZE="4096" TYPE="ext4"

33) mkdir /mnt/mydata_base

34) mount /dev/vg-avt341-v9/mydata /mnt/mydata_base

35) dd if=/dev/random of=/mnt/mydata_base/test.bin bs=1M count=100 status=progress | tee -a /root/sysadm-lab3-avt341-v9.log

in
100+0 records out
104857600 bytes (105 MB, 100 MiB) copied, 0.205389 s, 511 MB/s

36) md5sum /mnt/mydata_base/test.bin | tee -a /root/sysadm-lab3-avt341-v9.log

ae96bad52a1883b354e1a8ab8d9b8494  /mnt/mydata_base/test.bin

37) lvcreate -l 100%FREE -s -n mydata_snap /dev/vg-avt341-v9/mydata | tee -a /root/sysadm-lab3-avt341-v9.log

  Logical volume "mydata_snap" created.

38) mkdir /mnt/mydata_snap

39) mount /dev/vg-avt341-v9/mydata_snap /mnt/mydata_snap

40) dd if=/dev/random of=/mnt/mydata_base/test.bin bs=1M count=100 status=progress

100+0 records in
100+0 records out
104857600 bytes (105 MB, 100 MiB) copied, 77.9235 s, 1.3 MB/s

41) md5sum /mnt/mydata_base/test.bin | tee -a /root/sysadm-lab3-avt341-v9.log

6e15e182161a3789636e5d446e285dba  /mnt/mydata_base/test.bin

42) md5sum /mnt/mydata_snap/test.bin | tee -a /root/sysadm-lab3-avt341-v9.log

ac137b82f9d1d574618c63bd1851318d  /mnt/mydata_snap/test.bin

43) lvdisplay | tee -a /root/sysadm-lab3-avt341-v9.log

  --- Logical volume ---
  LV Path                /dev/ubuntu-vg/ubuntu-lv
  LV Name                ubuntu-lv
  VG Name                ubuntu-vg
  LV UUID                0dntZi-ww1d-407O-lIFO-Nwu1-1Y5D-nE5uEc
  LV Write Access        read/write
  LV Creation host, time ubuntu-server, 2024-03-17 17:33:28 +0000
  LV Status              available
  # open                 1
  LV Size                <15.00 GiB
  Current LE             3839
  Segments               1
  Allocation             inherit
  Read ahead sectors     auto
  - currently set to     256
  Block device           253:0

  --- Logical volume ---
  LV Path                /dev/vg-avt341-v9/mydata
  LV Name                mydata
  VG Name                vg-avt341-v9
  LV UUID                EwWPPM-r0eD-ETn1-uO79-q5sd-UxfS-5KAq50
  LV Write Access        read/write
  LV Creation host, time sysadm-practice2-avt341-9, 2026-04-17 13:19:59 +0000
  LV snapshot status     source of
                         mydata_snap [active]
  LV Status              available
  # open                 1
  LV Size                352.00 MiB
  Current LE             88
  Segments               1
  Allocation             inherit
  Read ahead sectors     auto
  - currently set to     256
  Block device           253:1

  --- Logical volume ---
  LV Path                /dev/vg-avt341-v9/mydata_snap
  LV Name                mydata_snap
  VG Name                vg-avt341-v9
  LV UUID                XhyDFk-aTO6-79K4-4ixK-JBli-bDaA-QGcWWI
  LV Write Access        read/write
  LV Creation host, time sysadm-practice2-avt341-9, 2026-04-17 13:21:41 +0000
  LV snapshot status     active destination for mydata
  LV Status              available
  # open                 1
  LV Size                352.00 MiB
  Current LE             88
  COW-table size         156.00 MiB
  COW-table LE           39
  Allocated to snapshot  64.47%
  Snapshot chunk size    4.00 KiB
  Segments               1
  Allocation             inherit
  Read ahead sectors     auto
  - currently set to     256
  Block device           253:4

44) umount /mnt/mydata_snap

45) lvremove -f /dev/vg-avt341-v9/mydata_snap

Logical volume "mydata_snap" successfully removed